// Jest Snapshot v1, https://goo.gl/fbAQLP

exports[`should render Content correctly 1`] = `
<div
  className="container"
>
  <div
    className="row"
  >
    <Switch>
      <Route
        component={[Function]}
        path="/login"
      />
      <Route
        component={[Function]}
        path="/logout"
      />
      <Route
        component={[Function]}
        path="/todo/:id"
      />
      <Route
        component={[Function]}
        path="/todo"
      />
      <Route
        component={[Function]}
        path="/"
      />
    </Switch>
  </div>
</div>
`;
